// Jest Snapshot v1, https://goo.gl/fbAQLP

exports[`ColumnPicker It matches the snapshot 1`] = `<DocumentFragment />`;
