// Jest Snapshot v1, https://goo.gl/fbAQLP

exports[`GeneViewer It matches the snapshot 1`] = `<DocumentFragment />`;
