// Jest Snapshot v1, https://goo.gl/fbAQLP

exports[`GeneCellRenderer It matches the snapshot 1`] = `
<DocumentFragment>
  <span
    class="gene__text"
    role="button"
    tabindex="0"
  >
    EGFR
  </span>
</DocumentFragment>
`;
