// Jest Snapshot v1, https://goo.gl/fbAQLP

exports[`ActionCellRenderer It matches the snapshot 1`] = `<DocumentFragment />`;
