// Jest Snapshot v1, https://goo.gl/fbAQLP

exports[`DetailDialog It matches the snapshot 1`] = `<DocumentFragment />`;
