// Jest Snapshot v1, https://goo.gl/fbAQLP

exports[`ImageViewer It matches the snapshot 1`] = `<DocumentFragment />`;
