// Jest Snapshot v1, https://goo.gl/fbAQLP

exports[`SvgViewer It matches the snapshot 1`] = `<DocumentFragment />`;
